🚀 Pipeline started in 'large' mode
✅ Ingested CSV: network_traffic.csv
🤖 Loading file classifier: facebook/bart-large-mnli on CPU...
Device set to use cpu
✅ File classifier loaded successfully on CPU
✅ File classifier initialized
   📋 Classified as: other_document (confidence: 0.12)
   ⚡ Fast-path: CSV columns indicate Log content
   🎯 Final File type: log
✅ Log file moved to staging: cd8eb74a-41c8-4591-b0f5-f933db0534f8.csv
🧠 Processing 1 log files through AI pipeline...
🚀 STARTING LARGE SCALE PIPELINE (Summarization + Sorting)
Initializing Optimized Keyword Summarizer (MMR) with: sentence-transformers/all-MiniLM-L6-v2
💾 Loading pretrained SentenceTransformer: sentence-transformers/all-MiniLM-L6-v2
Use pytorch device_name: mps
Load pretrained SentenceTransformer: sentence-transformers/all-MiniLM-L6-v2
♻️  Reusing loaded SentenceTransformer: sentence-transformers/all-MiniLM-L6-v2
🧠 Summarizing single file: cd8eb74a-41c8-4591-b0f5-f933db0534f8.csv
✅ Ingested CSV: cd8eb74a-41c8-4591-b0f5-f933db0534f8.csv
✅ File classifier initialized
   📋 Classified as: other_document (confidence: 0.12)
   ⚡ Fast-path: CSV columns indicate Log content
   🎯 Final File type: log
✅ Summarizer received content of type: <class 'pandas.core.frame.DataFrame'>
🛠️ Setting up CSV Log test environment...
✅ Created test file: network_traffic.csv

🚀 Running Pipeline...
✅ Directories Ready. Place files in: ./pipeline_data/incoming
✅ Logger Initialized.

🚀 STARTING METADATA TRACKING...
✅ Metadata Report Updated: ./pipeline_data/file_master_report.csv
Batches:   0%|          | 0/1 [00:00<?, ?it/s]Batches: 100%|██████████| 1/1 [00:00<00:00,  8.22it/s]Batches: 100%|██████████| 1/1 [00:00<00:00,  8.21it/s]
Batches:   0%|          | 0/3 [00:00<?, ?it/s]Batches: 100%|██████████| 3/3 [00:00<00:00, 33.70it/s]
✅ Extracted Keywords: Total Entries: 3. Keywords: ip packets, columns date, flags data, seen duration, dst, nan, proto, ta...
📐 Generating Embeddings for 1 files...
Batches:   0%|          | 0/1 [00:00<?, ?it/s]Batches: 100%|██████████| 1/1 [00:00<00:00, 46.49it/s]
📂 Organizing files into final categories...
   👉 Moved cd8eb74a-41c8-4591-b0f5-f933db0534f8.csv -> packets/
✅ Cluster Report Saved: ./pipeline_data/processed/file_level_clusters.csv
🧠 Indexing files into RAG Vector Store...
💾 Initializing RAG Vector DB at ./chroma_db
Anonymized telemetry enabled. See                     https://docs.trychroma.com/telemetry for more information.
♻️  Reusing loaded SentenceTransformer: sentence-transformers/all-MiniLM-L6-v2
Batches:   0%|          | 0/1 [00:00<?, ?it/s]Batches: 100%|██████████| 1/1 [00:00<00:00, 90.89it/s]
   Indexed summary for cd8eb74a-41c8-4591-b0f5-f933db0534f8.csv
   Start chunking and indexing full log content...
Batches:   0%|          | 0/1 [00:00<?, ?it/s]Batches: 100%|██████████| 1/1 [00:00<00:00, 36.69it/s]
   Indexed batch 1 (1 chunks) for cd8eb74a-41c8-4591-b0f5-f933db0534f8.csv
   Indexed total 1 chunks for cd8eb74a-41c8-4591-b0f5-f933db0534f8.csv
✅ RAG Indexing Complete
📊 Processed 1 log files in LARGE-SCALE mode.
🔄 Updating Metadata with AI Insights...
✅ Master Report Finalized.

🔍 Verifying results...

📊 Metadata Report Content:
                           Original_Filename        Category                                                                                                                                                                                                                                                                                                                                                                                                                                                                                                                                                                   Summary
0                            audit_trail.csv  governance_log                                                                                                                                                                                                                                                                                                                                                                                                                                                                                                       Processed via HDBSCAN clustering. Majority category: governance_log
1                              app_debug.log         app_log                                                                                                                                                                                                                                                                                                                                                                                                                                                                                                              Processed via HDBSCAN clustering. Majority category: app_log
2                                 system.log      system_log                                                                                                                                                                                                                                                                                                                                                                                                                                                                                                           Processed via HDBSCAN clustering. Majority category: system_log
3                                     ai.log      system_log                                                                                                            airportprocesscommand 466, faulted count, apple main, grunloop checkin, monitoring_period 15, scan offloads, lastsleeptype 0x00000007, tcp alive, thresholdexceeded, ac override, err kern, early sleep, cloudflarewarp ipv4, 177499, apple airportd, processed events, aj_disabled, health check, crash threshold, 01 59, reason, command tid, interface tue, deep idle, node isdriveravailable, flags 0x0, smc sysstate, dq com, 0x70070000 wifibt, caps cpu
4                                     ai.log      system_log                                                                                                            airportprocesscommand 466, faulted count, apple main, grunloop checkin, monitoring_period 15, scan offloads, lastsleeptype 0x00000007, tcp alive, thresholdexceeded, ac override, err kern, early sleep, cloudflarewarp ipv4, 177499, apple airportd, processed events, aj_disabled, health check, crash threshold, 01 59, reason, command tid, interface tue, deep idle, node isdriveravailable, flags 0x0, smc sysstate, dq com, 0x70070000 wifibt, caps cpu
5               CIDDS-001-external-week1.csv      system_log                                                                                                                                                                                                                          attackdescription data, tcp openstack_net, columns date, ap normal, duration proto, 57 172, flows flags, dst ip, pt packets, table, ext_server 8082, data sample, tos, addr src, 297 tcp, seen, 005, bytes flows, 2017 03, 14, class attacktype, 3057 ap, tcp ext_server, columns, 42 704, attackid, ip addr, src ip, packets bytes, sample date
6                              Apache_2k.log         app_log                                                                                                                                                                                                notice jk2_init, child workerenv, scoreboard slot, error state, httpd conf, 2005 notice, index forbidden, 57 19, mod_jk child, html sun, client 218, rule var, child init, workers2 properties, directory, ok, www, workerenv error, 04 13, state 10, 14 01, 2005 error, error mod_jk, conf workers2, init sun, jk2_init child, 46 2005, notice workerenv, notice, mon dec
7   4d63acd4-47c0-47e1-acfe-ba9e7f20442b.log         app_log                                                                                                                                                                                                notice jk2_init, child workerenv, scoreboard slot, error state, httpd conf, 2005 notice, index forbidden, 57 19, mod_jk child, html sun, client 218, rule var, child init, workers2 properties, directory, ok, www, workerenv error, 04 13, state 10, 14 01, 2005 error, error mod_jk, conf workers2, init sun, jk2_init child, 46 2005, notice workerenv, notice, mon dec
8   fc7671ec-0c2d-49df-8fcb-ceb06a92823d.log      system_log                                                                                                            airportprocesscommand 466, faulted count, apple main, grunloop checkin, monitoring_period 15, scan offloads, lastsleeptype 0x00000007, tcp alive, thresholdexceeded, ac override, err kern, early sleep, cloudflarewarp ipv4, 177499, apple airportd, processed events, aj_disabled, health check, crash threshold, 01 59, reason, command tid, interface tue, deep idle, node isdriveravailable, flags 0x0, smc sysstate, dq com, 0x70070000 wifibt, caps cpu
9   4d63acd4-47c0-47e1-acfe-ba9e7f20442b.log         app_log                                                                                                                                                                                                notice jk2_init, child workerenv, scoreboard slot, error state, httpd conf, 2005 notice, index forbidden, 57 19, mod_jk child, html sun, client 218, rule var, child init, workers2 properties, directory, ok, www, workerenv error, 04 13, state 10, 14 01, 2005 error, error mod_jk, conf workers2, init sun, jk2_init child, 46 2005, notice workerenv, notice, mon dec
10  10a5e017-574e-4932-bd74-97daadad1491.log         app_log                                                                                                                                                                                                notice jk2_init, child workerenv, scoreboard slot, error state, httpd conf, 2005 notice, index forbidden, 57 19, mod_jk child, html sun, client 218, rule var, child init, workers2 properties, directory, ok, www, workerenv error, 04 13, state 10, 14 01, 2005 error, error mod_jk, conf workers2, init sun, jk2_init child, 46 2005, notice workerenv, notice, mon dec
11  fc7671ec-0c2d-49df-8fcb-ceb06a92823d.log      system_log                                                                                                            airportprocesscommand 466, faulted count, apple main, grunloop checkin, monitoring_period 15, scan offloads, lastsleeptype 0x00000007, tcp alive, thresholdexceeded, ac override, err kern, early sleep, cloudflarewarp ipv4, 177499, apple airportd, processed events, aj_disabled, health check, crash threshold, 01 59, reason, command tid, interface tue, deep idle, node isdriveravailable, flags 0x0, smc sysstate, dq com, 0x70070000 wifibt, caps cpu
12  1c60dfaa-3a54-4763-b25a-a519a16d20cd.log      system_log                                                                                                            airportprocesscommand 466, faulted count, apple main, grunloop checkin, monitoring_period 15, scan offloads, lastsleeptype 0x00000007, tcp alive, thresholdexceeded, ac override, err kern, early sleep, cloudflarewarp ipv4, 177499, apple airportd, processed events, aj_disabled, health check, crash threshold, 01 59, reason, command tid, interface tue, deep idle, node isdriveravailable, flags 0x0, smc sysstate, dq com, 0x70070000 wifibt, caps cpu
13  4cb95f91-ba53-485f-a0d5-07b762ad3d53.log         app_log                                                                                                                                                                 Total Entries: 2000. Keywords: notice jk2_init, child workerenv, scoreboard slot, error state, httpd conf, 2005 notice, index forbidden, 57 19, mod_jk child, html sun, client 218, rule var, child init, workers2 properties, directory, ok, www, workerenv error, 04 13, state 10, 14 01, 2005 error, error mod_jk, conf workers2, init sun, jk2_init child, 46 2005, notice workerenv, notice, mon dec
14  0e0c40c6-980f-438a-bd7d-e156652bb2be.log      system_log                                                                             Total Entries: 8092. Keywords: airportprocesscommand 466, faulted count, apple main, grunloop checkin, monitoring_period 15, scan offloads, lastsleeptype 0x00000007, tcp alive, thresholdexceeded, ac override, err kern, early sleep, cloudflarewarp ipv4, 177499, apple airportd, processed events, aj_disabled, health check, crash threshold, 01 59, reason, command tid, interface tue, deep idle, node isdriveravailable, flags 0x0, smc sysstate, dq com, 0x70070000 wifibt, caps cpu
15  54c9c14a-8c5a-4f81-ac61-1ab067c972a9.csv      system_log                                                                                                                                                                                         Total Entries: 172838. Keywords: attackdescription data, tcp openstack_net, columns date, ap normal, duration proto, 57 172, flows flags, dst ip, pt packets, table, ext_server 8082, data sample, tos, addr src, 297 tcp, seen, 005, bytes flows, 2017 03, 14, class attacktype, 3057 ap, tcp ext_server, columns, 42 704, attackid, ip addr, src ip, packets bytes, sample date
16  202b4c9a-9df0-48af-97c4-dd9fce1e717c.log      system_log                                                                             Total Entries: 8092. Keywords: airportprocesscommand 466, faulted count, apple main, grunloop checkin, monitoring_period 15, scan offloads, lastsleeptype 0x00000007, tcp alive, thresholdexceeded, ac override, err kern, early sleep, cloudflarewarp ipv4, 177499, apple airportd, processed events, aj_disabled, health check, crash threshold, 01 59, reason, command tid, interface tue, deep idle, node isdriveravailable, flags 0x0, smc sysstate, dq com, 0x70070000 wifibt, caps cpu
17  4d63acd4-47c0-47e1-acfe-ba9e7f20442b.log         app_log                                                                                                                                                                 Total Entries: 2000. Keywords: notice jk2_init, child workerenv, scoreboard slot, error state, httpd conf, 2005 notice, index forbidden, 57 19, mod_jk child, html sun, client 218, rule var, child init, workers2 properties, directory, ok, www, workerenv error, 04 13, state 10, 14 01, 2005 error, error mod_jk, conf workers2, init sun, jk2_init child, 46 2005, notice workerenv, notice, mon dec
18  10a5e017-574e-4932-bd74-97daadad1491.log         app_log                                                                                                                                                                 Total Entries: 2000. Keywords: notice jk2_init, child workerenv, scoreboard slot, error state, httpd conf, 2005 notice, index forbidden, 57 19, mod_jk child, html sun, client 218, rule var, child init, workers2 properties, directory, ok, www, workerenv error, 04 13, state 10, 14 01, 2005 error, error mod_jk, conf workers2, init sun, jk2_init child, 46 2005, notice workerenv, notice, mon dec
19  e2eea502-70bc-4f6f-8eb3-b429ba03fc01.log         app_log                                                                                                                                                                 Total Entries: 2000. Keywords: notice jk2_init, child workerenv, scoreboard slot, error state, httpd conf, 2005 notice, index forbidden, 57 19, mod_jk child, html sun, client 218, rule var, child init, workers2 properties, directory, ok, www, workerenv error, 04 13, state 10, 14 01, 2005 error, error mod_jk, conf workers2, init sun, jk2_init child, 46 2005, notice workerenv, notice, mon dec
20  fc7671ec-0c2d-49df-8fcb-ceb06a92823d.log      system_log                                                                             Total Entries: 8092. Keywords: airportprocesscommand 466, faulted count, apple main, grunloop checkin, monitoring_period 15, scan offloads, lastsleeptype 0x00000007, tcp alive, thresholdexceeded, ac override, err kern, early sleep, cloudflarewarp ipv4, 177499, apple airportd, processed events, aj_disabled, health check, crash threshold, 01 59, reason, command tid, interface tue, deep idle, node isdriveravailable, flags 0x0, smc sysstate, dq com, 0x70070000 wifibt, caps cpu
21  1c60dfaa-3a54-4763-b25a-a519a16d20cd.log      system_log                                                                             Total Entries: 8092. Keywords: airportprocesscommand 466, faulted count, apple main, grunloop checkin, monitoring_period 15, scan offloads, lastsleeptype 0x00000007, tcp alive, thresholdexceeded, ac override, err kern, early sleep, cloudflarewarp ipv4, 177499, apple airportd, processed events, aj_disabled, health check, crash threshold, 01 59, reason, command tid, interface tue, deep idle, node isdriveravailable, flags 0x0, smc sysstate, dq com, 0x70070000 wifibt, caps cpu
22  0abcd59b-3a60-4521-bd89-8d1db3bfc457.log         app_log                                                                                                                                                                 Total Entries: 2000. Keywords: notice jk2_init, child workerenv, scoreboard slot, error state, httpd conf, 2005 notice, index forbidden, 57 19, mod_jk child, html sun, client 218, rule var, child init, workers2 properties, directory, ok, www, workerenv error, 04 13, state 10, 14 01, 2005 error, error mod_jk, conf workers2, init sun, jk2_init child, 46 2005, notice workerenv, notice, mon dec
23  83176d8d-ffb8-4a1d-8a0b-b23090d792e4.log         app_log                                                                                                                                                                 Total Entries: 2000. Keywords: notice jk2_init, child workerenv, scoreboard slot, error state, httpd conf, 2005 notice, index forbidden, 57 19, mod_jk child, html sun, client 218, rule var, child init, workers2 properties, directory, ok, www, workerenv error, 04 13, state 10, 14 01, 2005 error, error mod_jk, conf workers2, init sun, jk2_init child, 46 2005, notice workerenv, notice, mon dec
24  7882e849-849b-46ea-afaa-d76aa155f57f.log         app_log                                                                                                                                                                 Total Entries: 2000. Keywords: notice jk2_init, child workerenv, scoreboard slot, error state, httpd conf, 2005 notice, index forbidden, 57 19, mod_jk child, html sun, client 218, rule var, child init, workers2 properties, directory, ok, www, workerenv error, 04 13, state 10, 14 01, 2005 error, error mod_jk, conf workers2, init sun, jk2_init child, 46 2005, notice workerenv, notice, mon dec
25  1562db33-98bd-477a-9830-df0232d1cd1d.log      system_log                                                                             Total Entries: 8092. Keywords: airportprocesscommand 466, faulted count, apple main, grunloop checkin, monitoring_period 15, scan offloads, lastsleeptype 0x00000007, tcp alive, thresholdexceeded, ac override, err kern, early sleep, cloudflarewarp ipv4, 177499, apple airportd, processed events, aj_disabled, health check, crash threshold, 01 59, reason, command tid, interface tue, deep idle, node isdriveravailable, flags 0x0, smc sysstate, dq com, 0x70070000 wifibt, caps cpu
26  c410c75c-5db2-4f08-aebe-347e936173d7.csv      system_log                                                                                                                                                                                         Total Entries: 172838. Keywords: attackdescription data, tcp openstack_net, columns date, ap normal, duration proto, 57 172, flows flags, dst ip, pt packets, table, ext_server 8082, data sample, tos, addr src, 297 tcp, seen, 005, bytes flows, 2017 03, 14, class attacktype, 3057 ap, tcp ext_server, columns, 42 704, attackid, ip addr, src ip, packets bytes, sample date
27  39e18926-9902-4df8-99eb-9770e56cdee0.log      system_log                                                                             Total Entries: 8092. Keywords: airportprocesscommand 466, faulted count, apple main, grunloop checkin, monitoring_period 15, scan offloads, lastsleeptype 0x00000007, tcp alive, thresholdexceeded, ac override, err kern, early sleep, cloudflarewarp ipv4, 177499, apple airportd, processed events, aj_disabled, health check, crash threshold, 01 59, reason, command tid, interface tue, deep idle, node isdriveravailable, flags 0x0, smc sysstate, dq com, 0x70070000 wifibt, caps cpu
28  d8f1de86-a631-4b9a-9241-cd6568911bfa.log      system_log                                                                             Total Entries: 8092. Keywords: airportprocesscommand 466, faulted count, apple main, grunloop checkin, monitoring_period 15, scan offloads, lastsleeptype 0x00000007, tcp alive, thresholdexceeded, ac override, err kern, early sleep, cloudflarewarp ipv4, 177499, apple airportd, processed events, aj_disabled, health check, crash threshold, 01 59, reason, command tid, interface tue, deep idle, node isdriveravailable, flags 0x0, smc sysstate, dq com, 0x70070000 wifibt, caps cpu
29  3468909e-4997-4a9d-9b92-d530e4e0d50a.log      system_log                                                                             Total Entries: 8092. Keywords: airportprocesscommand 466, faulted count, apple main, grunloop checkin, monitoring_period 15, scan offloads, lastsleeptype 0x00000007, tcp alive, thresholdexceeded, ac override, err kern, early sleep, cloudflarewarp ipv4, 177499, apple airportd, processed events, aj_disabled, health check, crash threshold, 01 59, reason, command tid, interface tue, deep idle, node isdriveravailable, flags 0x0, smc sysstate, dq com, 0x70070000 wifibt, caps cpu
30  cff62d27-3174-4917-afe9-f4c0ed603cb5.log         app_log                                                                                                                                                                 Total Entries: 2000. Keywords: notice jk2_init, child workerenv, scoreboard slot, error state, httpd conf, 2005 notice, index forbidden, 57 19, mod_jk child, html sun, client 218, rule var, child init, workers2 properties, directory, ok, www, workerenv error, 04 13, state 10, 14 01, 2005 error, error mod_jk, conf workers2, init sun, jk2_init child, 46 2005, notice workerenv, notice, mon dec
31  b512bffc-99ac-4de2-94ce-18e854e47a44.log         app_log                                                                                                                                                                 Total Entries: 2000. Keywords: notice jk2_init, child workerenv, scoreboard slot, error state, httpd conf, 2005 notice, index forbidden, 57 19, mod_jk child, html sun, client 218, rule var, child init, workers2 properties, directory, ok, www, workerenv error, 04 13, state 10, 14 01, 2005 error, error mod_jk, conf workers2, init sun, jk2_init child, 46 2005, notice workerenv, notice, mon dec
32  67c477db-1207-439c-9cee-7ce0f1ce430a.log         app_log                                                                                                                                                                 Total Entries: 2000. Keywords: notice jk2_init, child workerenv, scoreboard slot, error state, httpd conf, 2005 notice, index forbidden, 57 19, mod_jk child, html sun, client 218, rule var, child init, workers2 properties, directory, ok, www, workerenv error, 04 13, state 10, 14 01, 2005 error, error mod_jk, conf workers2, init sun, jk2_init child, 46 2005, notice workerenv, notice, mon dec
33  ce9c41e5-4284-4021-af91-25daf604d715.log      system_log                                                                             Total Entries: 8092. Keywords: airportprocesscommand 466, faulted count, apple main, grunloop checkin, monitoring_period 15, scan offloads, lastsleeptype 0x00000007, tcp alive, thresholdexceeded, ac override, err kern, early sleep, cloudflarewarp ipv4, 177499, apple airportd, processed events, aj_disabled, health check, crash threshold, 01 59, reason, command tid, interface tue, deep idle, node isdriveravailable, flags 0x0, smc sysstate, dq com, 0x70070000 wifibt, caps cpu
34  ee73c09a-7410-42d1-9a66-6cb01516025c.log      system_log                                                                             Total Entries: 8092. Keywords: airportprocesscommand 466, faulted count, apple main, grunloop checkin, monitoring_period 15, scan offloads, lastsleeptype 0x00000007, tcp alive, thresholdexceeded, ac override, err kern, early sleep, cloudflarewarp ipv4, 177499, apple airportd, processed events, aj_disabled, health check, crash threshold, 01 59, reason, command tid, interface tue, deep idle, node isdriveravailable, flags 0x0, smc sysstate, dq com, 0x70070000 wifibt, caps cpu
35  cf7ee03b-4472-4467-a7fd-020840aa11b8.log      system_log                                                                             Total Entries: 8092. Keywords: airportprocesscommand 466, faulted count, apple main, grunloop checkin, monitoring_period 15, scan offloads, lastsleeptype 0x00000007, tcp alive, thresholdexceeded, ac override, err kern, early sleep, cloudflarewarp ipv4, 177499, apple airportd, processed events, aj_disabled, health check, crash threshold, 01 59, reason, command tid, interface tue, deep idle, node isdriveravailable, flags 0x0, smc sysstate, dq com, 0x70070000 wifibt, caps cpu
36  2bdfa39e-02ad-4740-a30c-3926b4d15ccd.log      system_log                                                                             Total Entries: 8092. Keywords: airportprocesscommand 466, faulted count, apple main, grunloop checkin, monitoring_period 15, scan offloads, lastsleeptype 0x00000007, tcp alive, thresholdexceeded, ac override, err kern, early sleep, cloudflarewarp ipv4, 177499, apple airportd, processed events, aj_disabled, health check, crash threshold, 01 59, reason, command tid, interface tue, deep idle, node isdriveravailable, flags 0x0, smc sysstate, dq com, 0x70070000 wifibt, caps cpu
37  9e04d2e6-c104-4dbb-bdda-933cd964de73.csv      system_log                                                                                                                                                                                         Total Entries: 172838. Keywords: attackdescription data, tcp openstack_net, columns date, ap normal, duration proto, 57 172, flows flags, dst ip, pt packets, table, ext_server 8082, data sample, tos, addr src, 297 tcp, seen, 005, bytes flows, 2017 03, 14, class attacktype, 3057 ap, tcp ext_server, columns, 42 704, attackid, ip addr, src ip, packets bytes, sample date
38  8bd23201-b2d0-4eae-815e-f77286af5713.log         app_log                                                                                                                                                                 Total Entries: 2000. Keywords: notice jk2_init, child workerenv, scoreboard slot, error state, httpd conf, 2005 notice, index forbidden, 57 19, mod_jk child, html sun, client 218, rule var, child init, workers2 properties, directory, ok, www, workerenv error, 04 13, state 10, 14 01, 2005 error, error mod_jk, conf workers2, init sun, jk2_init child, 46 2005, notice workerenv, notice, mon dec
39  bc5841b7-3f2b-4cd4-9e21-8c559a5f694a.log         app_log                                                                                                                                                                 Total Entries: 2000. Keywords: notice jk2_init, child workerenv, scoreboard slot, error state, httpd conf, 2005 notice, index forbidden, 57 19, mod_jk child, html sun, client 218, rule var, child init, workers2 properties, directory, ok, www, workerenv error, 04 13, state 10, 14 01, 2005 error, error mod_jk, conf workers2, init sun, jk2_init child, 46 2005, notice workerenv, notice, mon dec
40  374eac85-4ca0-4024-bd7d-2dc244c53c18.log         app_log                                                                                                                                                                 Total Entries: 2000. Keywords: notice jk2_init, child workerenv, scoreboard slot, error state, httpd conf, 2005 notice, index forbidden, 57 19, mod_jk child, html sun, client 218, rule var, child init, workers2 properties, directory, ok, www, workerenv error, 04 13, state 10, 14 01, 2005 error, error mod_jk, conf workers2, init sun, jk2_init child, 46 2005, notice workerenv, notice, mon dec
41  db74938e-2fc1-4bec-9a40-786b3a0a955c.log         app_log                                                                                                                                                                 Total Entries: 2000. Keywords: notice jk2_init, child workerenv, scoreboard slot, error state, httpd conf, 2005 notice, index forbidden, 57 19, mod_jk child, html sun, client 218, rule var, child init, workers2 properties, directory, ok, www, workerenv error, 04 13, state 10, 14 01, 2005 error, error mod_jk, conf workers2, init sun, jk2_init child, 46 2005, notice workerenv, notice, mon dec
42  30f689ae-340e-4fbd-906a-f7eeac4014dd.log      system_log                                                                             Total Entries: 8092. Keywords: airportprocesscommand 466, faulted count, apple main, grunloop checkin, monitoring_period 15, scan offloads, lastsleeptype 0x00000007, tcp alive, thresholdexceeded, ac override, err kern, early sleep, cloudflarewarp ipv4, 177499, apple airportd, processed events, aj_disabled, health check, crash threshold, 01 59, reason, command tid, interface tue, deep idle, node isdriveravailable, flags 0x0, smc sysstate, dq com, 0x70070000 wifibt, caps cpu
43  ff7847e3-7201-4a22-807f-0bf840e67475.csv      system_log                                                                                                                                                                                         Total Entries: 172838. Keywords: attackdescription data, tcp openstack_net, columns date, ap normal, duration proto, 57 172, flows flags, dst ip, pt packets, table, ext_server 8082, data sample, tos, addr src, 297 tcp, seen, 005, bytes flows, 2017 03, 14, class attacktype, 3057 ap, tcp ext_server, columns, 42 704, attackid, ip addr, src ip, packets bytes, sample date
44  6c54f02c-a85a-40cc-91e4-8a6331d5b7b0.log      system_log                                                                             Total Entries: 8092. Keywords: airportprocesscommand 466, faulted count, apple main, grunloop checkin, monitoring_period 15, scan offloads, lastsleeptype 0x00000007, tcp alive, thresholdexceeded, ac override, err kern, early sleep, cloudflarewarp ipv4, 177499, apple airportd, processed events, aj_disabled, health check, crash threshold, 01 59, reason, command tid, interface tue, deep idle, node isdriveravailable, flags 0x0, smc sysstate, dq com, 0x70070000 wifibt, caps cpu
45  3b4c05c9-d4cd-4d46-a193-64b1b97e4305.log         app_log                                                                                                                                                                 Total Entries: 2000. Keywords: notice jk2_init, child workerenv, scoreboard slot, error state, httpd conf, 2005 notice, index forbidden, 57 19, mod_jk child, html sun, client 218, rule var, child init, workers2 properties, directory, ok, www, workerenv error, 04 13, state 10, 14 01, 2005 error, error mod_jk, conf workers2, init sun, jk2_init child, 46 2005, notice workerenv, notice, mon dec
46  12ec0ff3-c58b-4890-9110-9cdf61951e8a.log      system_log                                                                             Total Entries: 8092. Keywords: airportprocesscommand 466, faulted count, apple main, grunloop checkin, monitoring_period 15, scan offloads, lastsleeptype 0x00000007, tcp alive, thresholdexceeded, ac override, err kern, early sleep, cloudflarewarp ipv4, 177499, apple airportd, processed events, aj_disabled, health check, crash threshold, 01 59, reason, command tid, interface tue, deep idle, node isdriveravailable, flags 0x0, smc sysstate, dq com, 0x70070000 wifibt, caps cpu
47  f0c454df-216f-423f-a7af-140c99aaf16b.log         app_log                                                                                                                                                                 Total Entries: 2000. Keywords: notice jk2_init, child workerenv, scoreboard slot, error state, httpd conf, 2005 notice, index forbidden, 57 19, mod_jk child, html sun, client 218, rule var, child init, workers2 properties, directory, ok, www, workerenv error, 04 13, state 10, 14 01, 2005 error, error mod_jk, conf workers2, init sun, jk2_init child, 46 2005, notice workerenv, notice, mon dec
48  77d44bdb-ef6b-490b-a973-15cafb93c59e.log      system_log                                                                             Total Entries: 8092. Keywords: airportprocesscommand 466, faulted count, apple main, grunloop checkin, monitoring_period 15, scan offloads, lastsleeptype 0x00000007, tcp alive, thresholdexceeded, ac override, err kern, early sleep, cloudflarewarp ipv4, 177499, apple airportd, processed events, aj_disabled, health check, crash threshold, 01 59, reason, command tid, interface tue, deep idle, node isdriveravailable, flags 0x0, smc sysstate, dq com, 0x70070000 wifibt, caps cpu
49                 SwattikMondal_BasisCV.pdf      system_log  Total Entries: 94. Keywords: sap kernel, mondal kolkata, swattik, regarding telecom, organization wipro, profile parameters, skills speci, administration monitoring, client scc1, upgrade importing, transport request, bottlenecks proactively, updates provided, consumption disk, rk connectivity, optimization user, servers job, sap availability, creation resetting, troubleshooting guidance, netwo, bca june, managing international, subsystems components, cleaning analytical, sap team, record vois, systems assist, basis technologies, locking unlocking
50                                weblog.csv         app_log                                                                                                                                                                                                                                      Total Entries: 16007. Keywords: table columns, time url, process php, chart min, 19 profile, sample ip, bootstrap, staus data, js http, 302, vendor moment, 29 nov, logout, bala, profile php, ip time, edit, 10 131, 59 04, columns ip, url staus, post process, php http, home, user, 19 js, 2017, login php, jquery min, http 200
51  7fde701d-12ca-4a88-8196-e6decce99d63.pdf         Pending                                                                                                                                                                                                                                                                                                                                                                                                                                                                                                                                                                       NaN
52  c575e630-b662-44b6-87ef-308139b87224.log         app_log                                                                                                                                                                         Total Entries: 1. Keywords: notice jk2_init, child workerenv, scoreboard sun, error state, directory index, 2005 notice, ok httpd, mod_jk child, 57 23, forbidden rule, client 218, child init, workers2 properties, slot, var, 04 13, workerenv error, conf, state 10, 2005 error, error mod_jk, 14 01, index forbidden, html, jk2_init child, init sun, conf workers2, error client, www, 16 16
53    NILESH ROY FINAL CV-20251208143247.pdf         Pending                                                                                                                                                                                                                                                                                                                                                                                                                                                                                                                                                                       NaN
54                           john_doe_cv.txt         Pending                                                                                                                                                                                                                                                                                                                                                                                                                                                                                                                                                                       NaN
55                             app_error.log         Pending                                                                                                                                                                                                                                                                                                                                                                                                                                                                                                                                                                       NaN
56                           john_doe_cv.txt         Pending                                                                                                                                                                                                                                                                                                                                                                                                                                                                                                                                                                       NaN
57                             app_error.log         app_log                                                           Total Entries: 1. Keywords: failed connectionrefusederror, myclass java, error database, nullpointerexception com, exception thread, info connection, warning retrying, initialized 2024, 10 log, database connection, 01 27, retrying connection, lang, method, failed, connection established, 01 error, connection failed, com example, java 10, established exception, connectionrefusederror 2024, error, main, connectionrefusederror, 05, initialized, java lang, lang nullpointerexception, thread main
58         Nilesh_Payslip_November  2025.pdf         Pending                                                                                                                                                                                                                                                                                                                                                                                                                                                                                                                                                                       NaN
59    NILESH ROY FINAL CV-20251208143247.pdf         Pending                                                                                                                                                                                                                                                                                                                                                                                                                                                                                                                                                                       NaN
60  0ba2c4ff-a2bc-40c9-9c71-8e52c8a506fb.pdf         Pending                                                                                                                                                                                                                                                                                                                                                                                                                                                                                                                                                                       NaN
61                                    ai.log      system_log                                                                     Total Entries: 1. Keywords: apple airportd, faulted count, grunloop checkin, scan offloads, lastsleeptype 0x00000007, monitoring_period 15, cpu net, thresholdexceeded, service cloudflarewarp, airportprocesscommand 1653, err kern, check alive, processed events, 01 59, aj_disabled, early sleep, command tid, processing ipv6, crash threshold, took, node isdriveravailable, ac override, dq com, 0x2a2b tcp, 13 11, idle hibernatestatefound, smc sysstate, uuid, airportdmain 1864, subreason
62  ea931c59-4adb-43f3-b24f-d50921fffe5c.pdf         Pending                                                                                                                                                                                                                                                                                                                                                                                                                                                                                                                                                                       NaN
63                             Apache_2k.log         app_log                                                                                                                                                                         Total Entries: 1. Keywords: notice jk2_init, child workerenv, scoreboard sun, error state, directory index, 2005 notice, ok httpd, mod_jk child, 57 23, forbidden rule, client 218, child init, workers2 properties, slot, var, 04 13, workerenv error, conf, state 10, 2005 error, error mod_jk, 14 01, index forbidden, html, jk2_init child, init sun, conf workers2, error client, www, 16 16
64                            server_log.csv      system_log                                                                                                                    Total Entries: 4. Keywords: columns timestamp, retrying connection, service data, error database, level message, initialized auth, 10 02, info connection, table, connection db, data sample, message service, db service, 00 warning, established, 2024, 27, timestamp level, failed, columns, 05, database, connection established, connection failed, info initialized, established db, warning retrying, sample timestamp, auth service, failed db
65                                weblog.csv         Pending                                                                                                                                                                                                                                                                                                                                                                                                                                                                                                                                                                       NaN
66         Nilesh_Payslip_November  2025.pdf         Pending                                                                                                                                                                                                                                                                                                                                                                                                                                                                                                                                                                       NaN
67    NILESH ROY FINAL CV-20251208143247.pdf         Pending                                                                                                                                                                                                                                                                                                                                                                                                                                                                                                                                                                       NaN
68                            server_log.csv      system_log                                                                                                                    Total Entries: 4. Keywords: columns timestamp, retrying connection, service data, error database, level message, initialized auth, 10 02, info connection, table, connection db, data sample, message service, db service, 00 warning, established, 2024, 27, timestamp level, failed, columns, 05, database, connection established, connection failed, info initialized, established db, warning retrying, sample timestamp, auth service, failed db
69         Nilesh_Payslip_November  2025.pdf         Pending                                                                                                                                                                                                                                                                                                                                                                                                                                                                                                                                                                       NaN
70              CIDDS-001-external-week1.csv         Pending                                                                                                                                                                                                                                                                                                                                                                                                                                                                                                                                                                       NaN
71    NILESH ROY FINAL CV-20251208143247.pdf         Pending                                                                                                                                                                                                                                                                                                                                                                                                                                                                                                                                                                       NaN
72                             Apache_2k.log         app_log                                                                                                                                                                 Total Entries: 2000. Keywords: notice jk2_init, child workerenv, scoreboard slot, error state, httpd conf, 2005 notice, index forbidden, 57 19, mod_jk child, html sun, client 218, rule var, child init, workers2 properties, directory, ok, www, workerenv error, 04 13, state 10, 14 01, 2005 error, error mod_jk, conf workers2, init sun, jk2_init child, 46 2005, notice workerenv, notice, mon dec
73       Interview_Rules_and_Regulations.pdf         Pending                                                                                                                                                                                                                                                                                                                                                                                                                                                                                                                                                                       NaN
74                       network_traffic.csv         Pending                                                                                                                                                                                                                                                                                                                                                                                                                                                                                                                                                                       NaN
75                       network_traffic.csv         Pending                                                                                                                                                                                                                                                                                                                                                                                                                                                                                                                                                                       NaN
76                       network_traffic.csv         Pending                                                                                                                                                                                                                                                                                                                                                                                                                                                                                                                                                                       NaN
77                       network_traffic.csv         packets                                                                                                                                                                                                                                                                      Total Entries: 3. Keywords: ip packets, columns date, flags data, seen duration, dst, nan, proto, table, data sample, 05 tcp, 1500, 10 01, udp, 50 192, bytes, src ip, date seen, 2024, columns, tcp 192, 168, sample date, packets bytes, duration proto, dst ip, ip, 10 20, 42 tcp, packets, 00 42
78                       network_traffic.csv         packets                                                                                                                                                                                                                                                                      Total Entries: 3. Keywords: ip packets, columns date, flags data, seen duration, dst, nan, proto, table, data sample, 05 tcp, 1500, 10 01, udp, 50 192, bytes, src ip, date seen, 2024, columns, tcp 192, 168, sample date, packets bytes, duration proto, dst ip, ip, 10 20, 42 tcp, packets, 00 42
✅ PASS: CSV Log file is tracked in metadata
   Category: Pending
Traceback (most recent call last):
  File "/Users/nileshroy/dev/AI_Log_Analyzer/verification_scripts/test_csv_log.py", line 73, in <module>
    verify_results()
  File "/Users/nileshroy/dev/AI_Log_Analyzer/verification_scripts/test_csv_log.py", line 53, in verify_results
    if "192.168.1.50" in summary or "Proto" in summary or "Keywords" in summary:
       ^^^^^^^^^^^^^^^^^^^^^^^^^
TypeError: argument of type 'float' is not iterable
